// Vitest Snapshot v1, https://vitest.dev/guide/snapshot.html

exports[`guard script bytes > is a byte-stable snapshot and spawnable: shebang on line 1 1`] = `
"#!/bin/sh
# SpecGit guard (managed by specgit init): start gate + merge guard. Exit 2 = block with reason.
GUARD_DIR=$(cd "$(dirname "$0")" && pwd)
export GUARD_DIR
# Hook payloads arrive as the first argument or on stdin; accept both.
if [ -n "$1" ]; then
  payload=$1
else
  payload=$(cat)
fi
tool=$(printf '%s' "$payload" | node -e "let s='';process.stdin.on('data',d=>s+=d).on('end',()=>{try{const j=JSON.parse(s);process.stdout.write((j.tool_name)||'')}catch{process.stdout.write('')}})")
case "$tool" in
  edit|write|Edit|Write)
    # Start gate (#335): mutating files requires the delivery binding on
    # THIS branch. The record's context.branch is written by specgit and
    # matched as a fixed WHOLE line — no YAML parsing, no prefix collision
    # (branch "feat/1-a" must never satisfy a record for "feat/1-a2").
    branch=$(git branch --show-current 2>/dev/null)
    if [ -z "$branch" ] || [ ! -f .specgit.yaml ] || ! grep -qFx "  branch: $branch" .specgit.yaml; then
      echo "specgit: start gate - this branch has no delivery binding. Start the delivery first: specgit issue \\"<type>: <title>\\", then fill each issue body from the discussion, then edit files." >&2
      exit 2
    fi
    exit 0
    ;;
esac
command=$(printf '%s' "$payload" | node -e "let s='';process.stdin.on('data',d=>s+=d).on('end',()=>{try{const j=JSON.parse(s);process.stdout.write((j.tool_input&&j.tool_input.command)||'')}catch{process.stdout.write('')}})")

case "$command" in
  gh\\ pr\\ merge*|glab\\ mr\\ merge*)
    exec node -e '
      const { spawn } = require("child_process");
      const fs = require("fs");
      const path = require("path");
      const ghMsRaw = parseInt(process.env.SPECGIT_GH_TIMEOUT_MS || "", 10);
      const ghMs = Number.isFinite(ghMsRaw) && ghMsRaw > 0 ? ghMsRaw : 15000;
      const ghS = Math.max(1, Math.floor(ghMs / 1000));
      let budgetS = Math.max(60, ghS * 8);
      const overrideRaw = parseInt(process.env.SPECGIT_GUARD_BUDGET_S || "", 10);
      if (Number.isFinite(overrideRaw) && overrideRaw > 0) {
        budgetS = Math.max(overrideRaw, ghS);
      }
      // The hook runner kills long hooks; surface the mismatch instead of
      // being cut off mid-verdict.
      try {
        const hooks = JSON.parse(
          fs.readFileSync(path.join(process.env.GUARD_DIR || ".", "..", "hooks.json"), "utf8")
        );
        const runner = (hooks.PreToolUse || [])
          .flatMap((entry) => entry.hooks || [])
          .map((hook) => hook.timeout)
          .find((timeout) => typeof timeout === "number");
        if (runner !== undefined && runner - 10 < budgetS) {
          console.error(
            "specgit: guard budget " + budgetS + "s exceeds the hook runner timeout " +
              runner + "s in .opencode/hooks.json - raise the runner timeout or lower SPECGIT_GUARD_BUDGET_S."
          );
        }
      } catch {}
      const cp = require("child_process");
      const isWin = process.platform === "win32";
      // Windows: cmd.exe cannot exec an extensionless sh shim, so prefer
      // git-bash sh when present; only then fall back to shell mode.
      let child;
      if (isWin) {
        const probe = cp.spawnSync("sh", ["-c", "exit 0"]);
        if (probe.status === 0) {
          child = spawn("sh", ["-c", "specgit finish --json"], {
            stdio: ["ignore", "pipe", "pipe"],
          });
        }
      }
      if (!child) {
        child = spawn("specgit", ["finish", "--json"], {
          shell: isWin,
          stdio: ["ignore", "pipe", "pipe"],
        });
      }
      let out = "";
      let err = "";
      let expired = false;
      child.stdout.on("data", (chunk) => (out += chunk));
      child.stderr.on("data", (chunk) => (err += chunk));
      const timer = setTimeout(() => {
        expired = true;
        // Bound the wait strictly: descendants may inherit the pipes, so
        // destroy them and exit now — never lag behind orphaned children.
        child.stdout.destroy();
        child.stderr.destroy();
        child.kill("SIGKILL");
        console.error(
          "specgit: merge blocked - guard budget " + budgetS + "s exhausted before a verdict. This says nothing about the delivery; run specgit finish directly for the full verdict."
        );
        process.exit(2);
      }, budgetS * 1000);
      child.on("error", (error) => {
        clearTimeout(timer);
        console.error(
          "specgit: merge blocked - the verdict could not run (" + error.message + "). Install specgit on PATH, then retry the merge."
        );
        process.exit(2);
      });
      child.on("close", (code) => {
        clearTimeout(timer);
        if (expired) {
          process.exit(2);
        }
        if (code === 0) {
          process.exit(0);
        }
        let envelope = null;
        try {
          envelope = JSON.parse(out);
        } catch {}
        const verdict = envelope && envelope.verdict;
        const gates = (envelope && (envelope.gates || (verdict && verdict.gates))) || [];
        const failures = [];
        for (const gate of gates) {
          for (const failure of (gate && gate.failures) || []) failures.push(failure);
        }
        const label = (failure, suffix) => {
          const detail = failure.detail || {};
          const name = detail.name || failure.code;
          const state = suffix || detail.status || detail.conclusion || "";
          return name + (state ? " [" + state + "]" : "");
        };
        const pending = failures.filter((f) => f.code === "checks_pending");
        const failed = failures.filter((f) => f.code === "checks_failed");
        const other = failures.filter(
          (f) => f.code !== "checks_pending" && f.code !== "checks_failed"
        );
        const lines = [];
        if (code === 1) {
          lines.push(
            "specgit: merge blocked - verdict rejected (exit 1). Fix what the failures name; never weaken spec_git/policy.yaml to pass."
          );
        } else {
          lines.push(
            "specgit: merge blocked - no verdict possible (evidence incomplete, exit " + code + "). This is not a rejection: fix evidence gathering (network, gh auth), then retry."
          );
        }
        if (pending.length > 0) {
          lines.push(
            "  pending (transient - wait, then re-run): " + pending.map((f) => label(f)).join(", ")
          );
        }
        if (failed.length > 0) {
          lines.push(
            "  failed (repair required): " +
              failed
                .map((f) =>
                  label(
                    f,
                    f.detail && f.detail.conclusion === "action_required"
                      ? "action_required - run awaits maintainer approval"
                      : undefined
                  )
                )
                .join(", ")
          );
        }
        if (other.length > 0) {
          lines.push("  other failures: " + other.map((f) => label(f)).join(", "));
        }
        lines.push("Full verdict: specgit finish");
        console.error(lines.join("\\n"));
        process.exit(2);
      });
    '
    ;;
  git\\ push\\ origin\\ main*|git\\ push\\ origin\\ +main*|git\\ push\\ origin\\ HEAD:main*)
    echo "specgit: direct push to main is not the delivery path. Deliveries go: specgit issue -> PR -> CI -> specgit finish (exit 0) -> merge." >&2
    exit 2
    ;;
esac
exit 0
"
`;

exports[`guard script bytes > the fresh-install hooks.json seed parses and carries the PreToolUse guard 1`] = `
"{
  "PreToolUse": [
    {
      "matcher": "Bash|Edit|Write",
      "hooks": [
        {
          "type": "command",
          "command": ".opencode/hooks/specgit-merge-guard.sh",
          "timeout": 600
        }
      ]
    }
  ]
}
"
`;

exports[`harnessWorkflowYaml > is a byte-stable snapshot 1`] = `
"name: SpecGit Acceptance

on:
  pull_request:
    branches: [main]
    # A draft PR fails the verdict (pr_draft), so the draft→ready
    # transition must re-verdict. Listing types replaces the defaults,
    # so the default activity types are listed alongside. Title and body
    # edits change live acceptance evidence even when the head is unchanged.
    types: [opened, synchronize, reopened, ready_for_review, edited]
  workflow_dispatch:

permissions:
  contents: read
  issues: read
  pull-requests: read

# One verdict per head at a time (#319): a newer trigger event (a push
# after the draft opened, then ready_for_review) supersedes the older
# run of the same pull request instead of leaving parallel copies
# burning identical wait budgets. The surviving run re-verdicts fully.
concurrency:
  group: specgit-accept-\${{ github.ref }}
  cancel-in-progress: true

jobs:
  specgit-acceptance:
    name: SpecGit Acceptance
    # Hosted pool on purpose: a required check must not hinge on one
    # self-hosted container.
    runs-on: ubuntu-latest
    timeout-minutes: 30
    steps:
      - name: Checkout code
        uses: actions/checkout@3d3c42e5aac5ba805825da76410c181273ba90b1 # v7.0.1
        with:
          # Pin execution to this event; a newer branch push must not change
          # the code tested by an older run. Manual dispatch uses its own SHA.
          ref: \${{ github.event.pull_request.head.sha || github.sha }}
          fetch-depth: 0
          persist-credentials: false

      - name: Restore the event branch
        if: github.event_name == 'pull_request' || github.ref_type == 'branch'
        env:
          SPECGIT_BRANCH: \${{ github.head_ref || github.ref_name }}
        run: |
          git check-ref-format --branch "$SPECGIT_BRANCH" >/dev/null
          git switch --create "$SPECGIT_BRANCH"

      - name: Setup Node.js
        uses: actions/setup-node@820762786026740c76f36085b0efc47a31fe5020 # v7.0.0
        with:
          node-version: '20.19.0'
          package-manager-cache: false
          # No dependency cache here, by design (#66): this job checks out
          # and executes untrusted PR code (install scripts, build, the CLI
          # under verdict), so it must never write to or restore from the
          # repository cache (CodeQL alerts 7-9). ci.yml keeps the warm,
          # branch-scoped cache.

      - name: Setup pnpm
        uses: pnpm/action-setup@0977fd99725f1db4007ccb2928dbb4e90d06cc86 # v6

      - name: Install classifier dependencies
        run: pnpm install --frozen-lockfile --ignore-scripts

      - name: Classify CI scope
        id: scope
        run: node scripts/ci-change-scope.mjs

      - name: Validate CI scope
        env:
          CI_BUILD: \${{ steps.scope.outputs.build }}
        run: test "$CI_BUILD" = true || test "$CI_BUILD" = false

      - name: Build CLI
        if: steps.scope.outputs.build == 'true'
        run: pnpm run build

      - name: Install trusted CLI for metadata validation
        if: steps.scope.outputs.build == 'false'
        run: npm install --prefix "$RUNNER_TEMP/specgit-cli" --no-save --ignore-scripts --no-audit --no-fund "specgit@$(node -p "require('./package.json').version")"

      - name: Prepare approved policy for acceptance
        env:
          GH_TOKEN: \${{ github.token }}
          SPECGIT_WAIT_POLICY: \${{ runner.temp }}/specgit-policy.yaml
          SPECGIT_POLICY_ENTRY: \${{ steps.scope.outputs.build == 'false' && format('{0}/specgit-cli/node_modules/specgit/dist/automation/workflow-policy.js', runner.temp) || 'dist/automation/workflow-policy.js' }}
        run: |
          gh auth setup-git
          node "$SPECGIT_POLICY_ENTRY"

      - name: Wait for sibling checks
        # The verdict must see the OTHER required checks in a terminal
        # state. Sibling jobs start in parallel AND may not have registered
        # their check-runs yet, so an empty poll is not "done": wait until
        # every name in spec_git/policy.yaml is present with a terminal
        # conclusion. This job is not in the policy, so no self-deadlock.
        # #315: a terminal run only counts when it started at/after the
        # delivery's ready-for-review transition — a stale green keeps
        # waiting for the fresh run the transition triggers.
        # All GitHub access goes through the authenticated gh CLI.
        env:
          GH_TOKEN: \${{ github.token }}
          WAIT_REPO: \${{ github.repository }}
          WAIT_SHA: \${{ github.event.pull_request.head.sha || github.sha }}
          WAIT_PR: \${{ github.event.pull_request.number || '' }}
          WAIT_POLICY: \${{ runner.temp }}/specgit-policy.yaml
          SPECGIT_CLI_DIR: \${{ steps.scope.outputs.build == 'false' && format('{0}/specgit-cli', runner.temp) || '' }}
        run: |
          node --input-type=module <<'EOF'
          import { existsSync, readFileSync } from 'node:fs';
          import { execFileSync } from 'node:child_process';
          import { createRequire } from 'node:module';
          const { parse } = process.env.SPECGIT_CLI_DIR
            ? createRequire(process.env.SPECGIT_CLI_DIR + '/node_modules/specgit/package.json')('yaml')
            : await import('yaml');
          const policyPath = process.env.WAIT_POLICY || 'spec_git/policy.yaml';
          if (!existsSync(policyPath)) {
            console.error('spec_git/policy.yaml is absent at this head — an adoption PR carries no binding commit yet (expected once; merge it before enabling branch protection), and a delivery PR must carry it via specgit issue.');
            process.exit(1);
          }
          const policy = parse(readFileSync(policyPath, 'utf8'));
          const required = policy.required_checks ?? [];
          // gh.cmd needs a shell on Windows; POSIX execs the binary

          // directly (shell stays off where it is not needed). The

          // query rides --field args (never a raw "?" URL): cmd.exe

          // treats a bare "&" as a command separator, so a URL query

          // would be split mid-parameter on Windows.

          const listChecks = (page) =>
            JSON.parse(
              execFileSync(
                'gh',
                [
                  'api',
                  'repos/' + process.env.WAIT_REPO + '/commits/' + process.env.WAIT_SHA + '/check-runs',
                  '--method', 'GET',
                  '--field', 'per_page=' + PER_PAGE,
                  '--field', 'page=' + page,
                ],
                { encoding: 'utf-8', stdio: ['ignore', 'pipe', 'pipe'], shell: process.platform === 'win32' }
              )
            );
          // Transient API failures (5xx, 429, network) retry with bounded

          // exponential backoff — a platform blip must not fail the gate.

          const MAX_ATTEMPTS = 5;
          const listChecksWithRetry = async (page) => {
            for (let attempt = 1; ; attempt += 1) {
              try {
                return listChecks(page);
              } catch (error) {
                const text = String(error) + ' ' + String(error && error.stderr ? error.stderr : '');
                const transient = /HTTP 5\\d\\d|HTTP 429|ETIMEDOUT|ECONNRESET|ENOTFOUND|timed out/i.test(text);
                if (attempt >= MAX_ATTEMPTS || !transient) throw error;
                const backoff = Math.min(30000, 2000 * 2 ** (attempt - 1));
                console.log('Transient failure; retry ' + attempt + '/' + MAX_ATTEMPTS + ' in ' + backoff + 'ms');
                await new Promise((r) => setTimeout(r, backoff));
              }
            }
          };
          // #315: the ready-for-review anchor rides the issue-timeline
          // endpoint through gh api --field args (GET, like the listing).
          const fetchTimelinePage = (page) =>
            JSON.parse(
              execFileSync(
                'gh',
                [
                  'api',
                  'repos/' + process.env.WAIT_REPO + '/issues/' + process.env.WAIT_PR + '/timeline',
                  '--method', 'GET',
                  '--field', 'per_page=' + PER_PAGE,
                  '--field', 'page=' + page,
                ],
                { encoding: 'utf-8', stdio: ['ignore', 'pipe', 'pipe'], shell: process.platform === 'win32' }
              )
            );
          const fetchTimelineWithRetry = async (page) => {
            for (let attempt = 1; ; attempt += 1) {
              try {
                const payload = fetchTimelinePage(page);
                if (!Array.isArray(payload)) throw new Error('GitHub returned a non-array timeline payload.');
                return payload;
              } catch (error) {
                if (error && error.message === 'GitHub returned a non-array timeline payload.') throw error;
                const text = String(error) + ' ' + String(error && error.stderr ? error.stderr : '');
                const transient = /HTTP 5\\d\\d|HTTP 429|ETIMEDOUT|ECONNRESET|ENOTFOUND|timed out/i.test(text);
                if (attempt >= MAX_ATTEMPTS || !transient) throw error;
                const backoff = Math.min(30000, 2000 * 2 ** (attempt - 1));
                console.log('Transient failure; retry ' + attempt + '/' + MAX_ATTEMPTS + ' in ' + backoff + 'ms');
                await new Promise((r) => setTimeout(r, backoff));
              }
            }
          };
          const terminal = new Set(['completed']);
          const PER_PAGE = 100;
          // #300: page the listing to exhaustion — a head with more than

          // PER_PAGE check-runs must still expose every required name.

          const fetchAllCheckRuns = async () => {
            const runs = [];
            for (let page = 1; ; page += 1) {
              const payload = await listChecksWithRetry(page);
              runs.push(...(payload.check_runs ?? []));
              if (!payload.check_runs || payload.check_runs.length < PER_PAGE) break;
            }
            return runs;
          };
          // #315: the evidence anchor — created_at of the latest

          // ready_for_review event on the pull request's issue timeline,

          // paged to exhaustion through the same transport seam. Empty

          // WAIT_PR (a push or workflow_dispatch event) means no anchor

          // and no freshness bound; a fetch failure fails the step

          // loudly instead of silently unbounding freshness.

          const fetchAnchor = async () => {
            if (!process.env.WAIT_PR) return null;
            let anchor = null;
            let anchorTime = null;
            for (let page = 1; ; page += 1) {
              const events = await fetchTimelineWithRetry(page);
              if (!Array.isArray(events)) throw new Error('GitHub returned a non-array timeline payload.');
              for (const event of events) {
                if (event && event.event === 'ready_for_review') {
                  if (typeof event.created_at !== 'string' || event.created_at === ''
                    || Number.isNaN(Date.parse(event.created_at))) {
                    throw new Error('GitHub returned a ready-for-review event without a valid timestamp.');
                  }
                  const eventTime = Date.parse(event.created_at);
                  if (anchor === null || anchorTime === null || eventTime > anchorTime) {
                    anchor = event.created_at;
                    anchorTime = eventTime;
                  }
                }
              }
              if (!Array.isArray(events) || events.length < PER_PAGE) return anchor;
            }
          };
          // Poll deadline sits BELOW the job's timeout-minutes (30) on

          // purpose: when the deadline loses the race against a slow

          // sibling, the script exits with its own diagnosis instead of

          // being killed by the job timeout mid-line.

          const deadline = Date.now() + 25 * 60 * 1000;
          while (Date.now() < deadline) {
            // #315: re-read the anchor every cycle — the transition

            // event landing after this job started, or the fresh runs

            // registering late, self-heal on the next poll.

            let anchor;
            try {
              anchor = await fetchAnchor();
            } catch (error) {
              console.error('Could not read the ready-for-review anchor: '
                + (error && error.message ? error.message : String(error)));
              process.exit(1);
            }
            const runs = await fetchAllCheckRuns();
            // #119: re-runs keep every same-name run; terminality is
            // decided on the truth run — latest started_at, ties broken
            // by the higher check-run id (docs/reference.md) — never on
            // response position.
            const truth = new Map();
            const startedTime = (run) => {
              if (typeof run.started_at !== 'string') return Number.NEGATIVE_INFINITY;
              const parsed = Date.parse(run.started_at);
              return Number.isNaN(parsed) ? Number.NEGATIVE_INFINITY : parsed;
            };
            for (const r of runs) {
              const cur = truth.get(r.name);
              const runTime = startedTime(r);
              const currentTime = cur === undefined ? Number.NEGATIVE_INFINITY : startedTime(cur);
              const later = cur === undefined
                || runTime > currentTime
                || (runTime === currentTime && (r.id || 0) > (cur.id || 0));
              if (later) truth.set(r.name, r);
            }
            const truthRunFor = (name) => {
              if (truth.has(name)) return truth.get(name);
              const retried = [...truth.keys()].find((k) => k.startsWith(name + ' ('));
              return retried === undefined ? undefined : truth.get(retried);
            };
            // #315: a required check settles only when its truth run is
            // terminal AND (when an anchor exists) started at/after the
            // ready-for-review transition — a stale green keeps waiting.
            const missing = [];
            const stale = [];
            const anchorTime = anchor === null ? null : Date.parse(anchor);
            for (const name of required) {
              const run = truthRunFor(name);
              if (run === undefined || !terminal.has(run.status)) {
                missing.push(name);
              } else if (anchorTime !== null && (Number.isNaN(anchorTime) || startedTime(run) < anchorTime)) {
                stale.push(name);
              }
            }
            if (missing.length === 0 && stale.length === 0) {
              console.log('All required checks are in a terminal state.');
              process.exit(0);
            }
            if (missing.length > 0) {
              console.log('Waiting for: ' + missing.join(', '));
            }
            if (stale.length > 0) {
              console.log('Waiting for a fresh run after ready for review: ' + stale.join(', '));
            }
            await new Promise((r) => setTimeout(r, 10000));
          }
          console.error('Timed out waiting for sibling checks.');
          process.exit(1);
          EOF


      - name: specgit finish
        if: steps.scope.outputs.build == 'true'
        run: node bin/specgit.js finish --json
        env:
          GH_TOKEN: \${{ github.token }}

      - name: specgit finish with trusted CLI
        if: steps.scope.outputs.build == 'false'
        run: '"$RUNNER_TEMP/specgit-cli/node_modules/.bin/specgit" finish --json'
        env:
          GH_TOKEN: \${{ github.token }}
"
`;

exports[`managedPromptBlock > en and zh are byte-stable snapshots framed by identical markers 1`] = `
"<!-- specgit:block:start -->
## SpecGit delivery harness

Managed by \`specgit init\`. Everything between the markers is regenerated
whenever init writes the harness (a fresh init, or \`--force\` when a policy
already exists); keep manual guidance outside them.

### The delivery story

- Start with \`specgit issue <title-or-number>...\`: it creates or reuses
  the issues, branches, opens the draft pull request pre-filled with a
  deterministic scaffold (the \`Closes #n\` line for every bound issue,
  then Why / What changed / Evidence / Checklist sections), and writes
  \`.specgit.yaml\`. Re-running resumes; it is idempotent.
- Use the issue/PR templates explicitly selected by policy. With
  \`validation.bodies\` or \`required_sections\`, prepare complete content from
  the discussion before bootstrap and supply \`--body-file <path>\` per new
  title and \`--pr-body-file <path>\`. Without body rules, built-in scaffolds
  can be filled after creation. Preserve every \`Closes #n\`; enabled body
  rules apply at creation and acceptance. Resume keeps existing remote bodies
  and user edits. Unselected repository templates are not silently loaded.
- A draft pull request always fails the verdict (\`pr_draft\`): before
  \`specgit finish\`, mark it ready for review — \`gh pr ready <number>\`
  on GitHub, \`glab mr update <number> --ready\` on GitLab.
- \`specgit finish\` is read-only: its verdict comes from real git, PR,
  and CI evidence; exit 0 means accepted. With automation enabled, the trusted
  remote workflow continues after CI without another confirmation.
  \`specgit pr --merge --json\` is the recovery path: it verifies the approved
  \`target_branch\`, fresh acceptance, and all current-head CI, then confirms
  the merge and every bound issue closure before reporting completed.
  A failed closure remains recoverable and is never reported as completed.

### Issue tags

- Follow the project's \`language\` for issues and PRs. Enabled \`validation\`
  rules check titles and labels before creation and during \`finish\`.
  \`kind\` mode requires one catalog kind and only declared extras;
  \`project\` mode selects only policy \`tags\`. Users choose rule changes with
  \`specgit init --force --configure-rules\`.
- Every bootstrap applies the title's \`kind::<type>\` member
  automatically; pass \`--tags <a,b>\` to choose the full set explicitly.
- Selection is pool-first: existing on-spec labels win verbatim; anything
  missing is seeded from the built-in \`kind::\` catalog or the policy's
  \`tags:\` declarations. Unknown vocabulary exits 2 naming the universe.
- Choose at most one label per axis; omit uncertain optional labels and
  keep every label required by the selected policy. Existing pool labels
  cannot override that policy —
  off-spec pool labels are reported (\`tag_pool_dirty\` warnings are for
  humans) and never renamed by SpecGit.

### Repair and diagnostics

- \`specgit pr\` repairs the pull-request binding: with no arguments it
  auto-discovers the pull request for this head branch, errors with a fix
  when none is found, and refuses with a list when several match.
- \`specgit status\` shows local evidence only: record, state, drift,
  origin. \`specgit doctor\` probes git, repository, origin, gh, and
  policy.

### The command surface

- Ten commands: \`specgit init\`, \`specgit setup\`, \`specgit issue\`,
  \`specgit pr\`, \`specgit finish\`, \`specgit bind\`, \`specgit unbind\`,
  \`specgit status\`, \`specgit accept\`, \`specgit doctor\`.
- \`specgit setup\` installs the agent entry points (commands for opencode,
  portable skills for other tools); \`specgit bind\`, \`specgit unbind\`,
  and \`specgit accept\` are automation aliases for scripts and CI.
- Automation defaults to off (\`--automation no\`). Only when the user personally chooses
  yes may \`specgit init --automation yes --merge-target <branch>\` enable it;
  ordinary \`init --force\` preserves that choice and target. An agent must not answer yes for the user.

### Before creating an issue, check for duplicates

- Before running \`specgit issue\` with a new title, search the tracker for
  similar open work: \`gh issue list\` with keywords from the title
  (state, labels, and search terms via \`gh search issues\`).
- Open and read every plausible candidate (\`gh issue view <n>\`) — compare
  the WHY, not just the wording.
- If a candidate covers the same WHY, continue that issue instead of
  creating a new one; if it is close but different, say how they differ.
- When unsure, ask the requester to decide between continuing the existing
  issue and creating a duplicate. The team ships one line of work per WHY,
  never two.

### Issue granularity

One issue = one independently verifiable WHY. If a deliverable cannot be
verified on its own evidence, split it before binding.

### Iron rules

- \`specgit finish\` exit code other than 0: never request merge. Fix the
  delivery, not the gate.
- Never weaken \`spec_git/policy.yaml\` to make a verdict pass.
- \`--json\` is the only parse surface: stdout is exactly one JSON
  document; never scrape human-readable output.

### Agent contract essentials

- **SpecGit is the default delivery workflow here.** An intended tracked
  change — a feature, a fix, a refactor, a docs change, or shared rules — is a delivery:
  work items live in this tracker as issues, never in private task
  lists or conversational checklists. The trigger is the decision to
  start: the moment the conversation settles and you begin turning
  the plan into changes, the FIRST action is
  \`specgit issue <type>: <title>...\` — before tracked implementation edits.
  Preparing temporary body files for bootstrap is part of this first step.
  Working without a binding is a contract violation, not a style
  choice. After bootstrap, verify each issue contains the discussed
  Why / Scope / Approach / Acceptance and fill only missing content with
  \`gh issue edit\` or \`glab issue update\`,
  then implement. Mid-conversation inventories
  ("let me list everything to do") become issues, not chat
  artifacts. Trivial replies and read-only questions need none of
  this.
- Local maintenance: installing or upgrading the CLI and running \`init\` /
  \`setup\` to refresh local configuration and entry points need no issue, PR,
  product build, or release when no product or shared-rule change is intended
  for commit. Review tracked diffs before choosing what to share; ignore rules
  are never CI exemptions. Follow the host project's verification policy for
  the actual changed inputs; documentation may itself be a product input.
  Publishing requires explicit release intent within existing user authorization;
  local maintenance and merging do not imply publication.
- \`specgit finish\` exit \`0\` means accepted. Report completed only after
  the configured target merge and every bound issue closure are confirmed.
  Never declare completion from task lists, file states, or tests alone.
  Track a failed PR with a new repair issue; repeated causes reuse an open
  repair issue and do not require abandoning the original PR.
- Use existing user authorization to complete issue bodies, the PR body
  and ready transition, CI repairs or retries, acceptance, and the authorized
  merge. When user authorization or platform permission is missing, present
  the prepared result and name the specific gap. Documentation and entry
  points do not grant permission themselves.
- Branch on exit codes, not phrasing: \`1\` = evidence complete, fix what
  the gates named; \`3\` = evidence missing, fix the environment first
  (\`specgit doctor\`). Never present exit \`3\` as success.
- Keep the \`Closes #n\` references in the PR body intact; after changing
  the PR body, head branch, or CI, re-run \`specgit finish\`. Never
  bypass or reconfig a required check to make acceptance pass.
- Forge evidence flows through the user's authenticated CLI session only
  (\`gh\` / \`glab\`): never read, log, or pass around tokens.
<!-- specgit:block:end -->"
`;

exports[`managedPromptBlock > en and zh are byte-stable snapshots framed by identical markers 2`] = `
"<!-- specgit:block:start -->
## SpecGit 交付工具链

由 \`specgit init\` 托管。标记之间的内容会在每次 init 写入工具链时重新生成
（全新 init，或策略已存在时的 \`--force\`）；手工指引请放在标记之外。

### 交付故事

- 用 \`specgit issue <标题或编号>...\` 开始：它会创建或复用议题、建分支、
  开一个预填确定性骨架的草稿拉取请求（每个绑定议题一行 \`Closes #n\`，
  随后是 为什么 / 变更内容 / 证据 / 清单 各节），并写入 \`.specgit.yaml\`。
  重复执行会恢复现场；它是幂等的。
- 使用策略明确选择的 issue/PR 模板。启用 \`validation.bodies\` 或
  \`required_sections\` 时，先从对话准备完整正文，创建时通过
  \`--body-file <path>\`（每个新标题一份）和 \`--pr-body-file <path>\` 传入。
  未启用正文规则时，内置骨架可在创建后填写。保留所有 \`Closes #n\`；
  创建及验收都会检查启用的正文规则。恢复交付保留已有远端正文，
  不会覆盖用户修改，也不会暗中加载未选择的仓库模板。
- 草稿拉取请求恒使裁决失败（\`pr_draft\`）：在 \`specgit finish\` 之前，
  先把它标为可评审——GitHub 用 \`gh pr ready <number>\`，GitLab 用
  \`glab mr update <number> --ready\`。
- \`specgit finish\` 只读：裁决来自真实的 git、PR 与 CI 证据，退出码
  0 表示验收通过。已启用自动化时，可信远端工作流在 CI 结束后自动续行，
  无需再次人工确认；\`specgit pr --merge --json\` 是恢复入口。它验证已批准
  策略的 \`target_branch\`、重新验收及当前 PR 头的全部 CI 检查，确认合并
  与全部绑定议题关闭后才报告 completed；关闭失败保留可恢复的待收尾状态。

### 议题标签

- 按项目策略的 \`language\` 填写 issue/PR；\`validation\` 启用的标题与
  标签规则在创建前和 \`finish\` 中校验。\`kind\` 模式要求一个内置类型，
  扩展标签须在 \`tags\` 中声明；\`project\` 模式只选 \`tags\` 中的标签。
  更改规则时，由用户通过 \`specgit init --force --configure-rules\` 选择。
- 每次引导都会自动应用标题的 \`kind::<type>\` 成员；显式传入
  \`--tags <a,b>\` 可自选完整集合。
- 选择以池为先：仓库中符合语法的既有标签原样胜出；缺失的名称从内置的
  \`kind::\` 目录或策略的 \`tags:\` 声明中播种。未知词汇以退出码 2 指名
  全集。
- 每轴至多一个标签；可选标签拿不准就不选，必选标签以策略为准。池外标签会被报告
  （\`tag_pool_dirty\` 警告是给人看的），SpecGit 绝不重命名它们。

### 修复与诊断

- \`specgit pr\` 修复拉取请求绑定：不带参数时按当前头分支自动发现拉取
  请求，找不到时报错并给出修复办法，找到多个时列出并拒绝。
- \`specgit status\` 只展示本地证据：记录、状态、漂移、origin。
  \`specgit doctor\` 探测 git、仓库、origin、gh 与策略。
- 诊断信息（diagnostic 的 message/fix）与诊断 \`code\` 恒为英文——这是
  机器契约的一部分，任何语言配置都不本地化它们；按 \`code\` 与 \`fix\`
  行动，不要依赖语言一致性。

### 命令面

- 十个命令：\`specgit init\`、\`specgit setup\`、\`specgit issue\`、
  \`specgit pr\`、\`specgit finish\`、\`specgit bind\`、\`specgit unbind\`、
  \`specgit status\`、\`specgit accept\`、\`specgit doctor\`。
- \`specgit setup\` 安装代理入口（opencode 的命令、其他工具的可移植
  skill）；\`specgit bind\`、\`specgit unbind\`、\`specgit accept\` 是面向
  脚本与 CI 的自动化别名。
- 自动化默认关闭（\`--automation no\`）。只有用户本人选择 yes，才能用
  \`specgit init --automation yes --merge-target <branch>\` 开启；
  普通 \`init --force\` 保留这个选择与目标；代理不得替用户回答 yes。

### 建议题之前，先查重

- 用新标题运行 \`specgit issue\` 之前，先在 tracker 里搜索相近的在办
  工作：用标题关键词做 \`gh issue list\`（状态、标签、检索词用
  \`gh search issues\`）。
- 打开并阅读每一个疑似候选（\`gh issue view <n>\`）——比较 WHY 本身，
  而不是措辞。
- 若某个候选覆盖了同一个 WHY，继续那个议题而不是新建；若相近但不同，
  说明差别在哪里。
- 拿不准时，请提出请求的人决定是继续已有议题还是接受重复。一个团队
  一个 WHY 只走一条工作线，绝不两条。

### 议题粒度

一个议题 = 一个可独立验证的 WHY。若一个交付物无法凭自身证据验证，
先拆分再绑定。

### 铁律

- \`specgit finish\` 退出码非 0：绝不请求合并。修交付，不修门槛。
- 绝不为了通过裁决而削弱 \`spec_git/policy.yaml\`。
- \`--json\` 是唯一的解析面：stdout 恰好是一个 JSON 文档；绝不抓取
  人读输出。

### 代理契约要点

- **SpecGit 是这里的默认交付方式。** 有意提交的新功能、修复、重构、
  文档变更与共享规则变更需要交付绑定：工作项作为议题存放在这个 tracker
  里，绝不放进私人任务清单或对话式清单。触发点是“决定开工”的那一刻：
  对话收敛、开始把计划变成变更之时，第一个动作就是
  \`specgit issue <type>: <标题>...\`——先于受跟踪的实现变更；为引导准备
  临时正文文件属于这一步。无绑定就实现是违反契约。引导完成后，检查
  议题是否包含讨论中的 为什么 / 范围 / 做法 / 验收，只用 \`gh issue edit\`
  或 \`glab issue update\` 补全缺失内容，再开始
  实现。会话中途的盘点（“让我列出所有要做的事”）也应变成议题，而不是
  聊天产物。平凡的回复与只读提问无需如此。
- 本地维护：安装或升级 CLI、运行 \`init\` / \`setup\` 刷新本地配置与入口，
  在没有计划提交产品或共享规则变更时，无需议题、PR、产品构建或发布。
  先检查跟踪文件的差异，再决定哪些变更需要共享；忽略规则不是 CI 豁免名单。
  按宿主项目对真实变更输入的验证政策运行检查，文档也可能是产品输入。
  发布包必须有明确发布意图，并在已有用户授权范围内执行；本地维护与合并本身不代表发布。
- \`specgit finish\` 退出 \`0\` 表示 accepted；只有配置目标上的合并和全部
  绑定议题关闭均经核验，才能报告 completed。绝不凭任务清单、文件状态或
  自己跑过的测试宣布完成。失败 PR 用新的修复议题承接，重复原因复用已有
  开放修复议题，不要求废弃原 PR。
- 沿用已有用户授权完成议题正文、PR 正文与 ready、CI 修复或重试、验收
  以及授权范围内的合并闭环。只在缺少用户授权或平台权限时，携已准备好的
  结果说明具体缺口；文档与入口指引本身不授予权限。
- 按退出码分支，不按措辞：\`1\` = 证据齐全，修门槛点名的内容；\`3\` =
  证据缺失，先修环境（\`specgit doctor\`）。绝不把退出 \`3\` 当作成功。
- 保持 PR 正文里的 \`Closes #n\` 引用完整；改动 PR 正文、头分支或 CI
  后重跑 \`specgit finish\`。绝不为通过验收而绕过或改配置必需检查。
- 平台证据只经由用户已认证的 CLI 会话（\`gh\` / \`glab\`）流转：绝不
  读取、记录或传递 token。
<!-- specgit:block:end -->"
`;

exports[`mergeGitPrePush: pure byte merge > a fresh install is the spawnable managed file; re-merge is byte-stable 1`] = `
"#!/bin/sh
# >>> specgit:start >>>
# Run first in a subshell and replay stdin for the user's hook.
specgit_pre_push_refs=$(mktemp) || exit 1
cat > "$specgit_pre_push_refs" || { rm -f "$specgit_pre_push_refs"; exit 1; }
(
# SpecGit pre-push guard (managed by specgit init).
while read -r local_ref local_sha remote_ref remote_sha; do
  case "$remote_ref" in
    refs/heads/main)
      # Mirror sync (#343): a commit already contained by origin/main is
      # accepted history — pushing it to another remote mirrors the
      # verdict, it bypasses nothing. A zero sha (ref deletion) never
      # passes this check.
      if git merge-base --is-ancestor "$local_sha" refs/remotes/origin/main >/dev/null 2>&1; then
        continue
      fi
      echo "specgit: direct push to main is not the delivery path." >&2
      echo "Deliveries go: specgit issue -> PR -> CI -> specgit finish (exit 0) -> merge." >&2
      exit 1
      ;;
  esac
done
exit 0
) < "$specgit_pre_push_refs"
specgit_pre_push_status=$?
exec < "$specgit_pre_push_refs"
rm -f "$specgit_pre_push_refs"
if [ "$specgit_pre_push_status" -ne 0 ]; then
  exit "$specgit_pre_push_status"
fi
unset specgit_pre_push_refs specgit_pre_push_status
# <<< specgit:end <<<
"
`;
