// Vitest Snapshot v1, https://vitest.dev/guide/snapshot.html

exports[`guard script bytes > is a byte-stable snapshot and spawnable: shebang on line 1 1`] = `
"#!/bin/sh
# SpecGit merge guard (managed by specgit init). Exit 2 = block with reason.
GUARD_DIR=$(cd "$(dirname "$0")" && pwd)
export GUARD_DIR
# Hook payloads arrive as the first argument or on stdin; accept both.
if [ -n "$1" ]; then
  payload=$1
else
  payload=$(cat)
fi
command=$(printf '%s' "$payload" | node -e "let s='';process.stdin.on('data',d=>s+=d).on('end',()=>{try{const j=JSON.parse(s);process.stdout.write((j.tool_input&&j.tool_input.command)||'')}catch{process.stdout.write('')}})")

case "$command" in
  gh\\ pr\\ merge*)
    exec node -e '
      const { spawn } = require("child_process");
      const fs = require("fs");
      const path = require("path");
      const ghMsRaw = parseInt(process.env.SPECGIT_GH_TIMEOUT_MS || "", 10);
      const ghMs = Number.isFinite(ghMsRaw) && ghMsRaw > 0 ? ghMsRaw : 15000;
      const ghS = Math.max(1, Math.floor(ghMs / 1000));
      let budgetS = Math.max(60, ghS * 8);
      const overrideRaw = parseInt(process.env.SPECGIT_GUARD_BUDGET_S || "", 10);
      if (Number.isFinite(overrideRaw) && overrideRaw > 0) {
        budgetS = Math.max(overrideRaw, ghS);
      }
      // The hook runner kills long hooks; surface the mismatch instead of
      // being cut off mid-verdict.
      try {
        const hooks = JSON.parse(
          fs.readFileSync(path.join(process.env.GUARD_DIR || ".", "..", "hooks.json"), "utf8")
        );
        const runner = (hooks.PreToolUse || [])
          .flatMap((entry) => entry.hooks || [])
          .map((hook) => hook.timeout)
          .find((timeout) => typeof timeout === "number");
        if (runner !== undefined && runner - 10 < budgetS) {
          console.error(
            "specgit: guard budget " + budgetS + "s exceeds the hook runner timeout " +
              runner + "s in .opencode/hooks.json - raise the runner timeout or lower SPECGIT_GUARD_BUDGET_S."
          );
        }
      } catch {}
      const cp = require("child_process");
      const isWin = process.platform === "win32";
      // Windows: cmd.exe cannot exec an extensionless sh shim, so prefer
      // git-bash sh when present; only then fall back to shell mode.
      let child;
      if (isWin) {
        const probe = cp.spawnSync("sh", ["-c", "exit 0"]);
        if (probe.status === 0) {
          child = spawn("sh", ["-c", "specgit finish --json"], {
            stdio: ["ignore", "pipe", "pipe"],
          });
        }
      }
      if (!child) {
        child = spawn("specgit", ["finish", "--json"], {
          shell: isWin,
          stdio: ["ignore", "pipe", "pipe"],
        });
      }
      let out = "";
      let err = "";
      let expired = false;
      child.stdout.on("data", (chunk) => (out += chunk));
      child.stderr.on("data", (chunk) => (err += chunk));
      const timer = setTimeout(() => {
        expired = true;
        // Bound the wait strictly: descendants may inherit the pipes, so
        // destroy them and exit now — never lag behind orphaned children.
        child.stdout.destroy();
        child.stderr.destroy();
        child.kill("SIGKILL");
        console.error(
          "specgit: merge blocked - guard budget " + budgetS + "s exhausted before a verdict. This says nothing about the delivery; run specgit finish directly for the full verdict."
        );
        process.exit(2);
      }, budgetS * 1000);
      child.on("error", (error) => {
        clearTimeout(timer);
        console.error(
          "specgit: merge blocked - the verdict could not run (" + error.message + "). Install specgit on PATH, then retry the merge."
        );
        process.exit(2);
      });
      child.on("close", (code) => {
        clearTimeout(timer);
        if (expired) {
          process.exit(2);
        }
        if (code === 0) {
          process.exit(0);
        }
        let envelope = null;
        try {
          envelope = JSON.parse(out);
        } catch {}
        const verdict = envelope && envelope.verdict;
        const gates = (envelope && (envelope.gates || (verdict && verdict.gates))) || [];
        const failures = [];
        for (const gate of gates) {
          for (const failure of (gate && gate.failures) || []) failures.push(failure);
        }
        const label = (failure, suffix) => {
          const detail = failure.detail || {};
          const name = detail.name || failure.code;
          const state = suffix || detail.status || detail.conclusion || "";
          return name + (state ? " [" + state + "]" : "");
        };
        const pending = failures.filter((f) => f.code === "checks_pending");
        const failed = failures.filter((f) => f.code === "checks_failed");
        const other = failures.filter(
          (f) => f.code !== "checks_pending" && f.code !== "checks_failed"
        );
        const lines = [];
        if (code === 1) {
          lines.push(
            "specgit: merge blocked - verdict rejected (exit 1). Fix what the failures name; never weaken spec_git/policy.yaml to pass."
          );
        } else {
          lines.push(
            "specgit: merge blocked - no verdict possible (evidence incomplete, exit " + code + "). This is not a rejection: fix evidence gathering (network, gh auth), then retry."
          );
        }
        if (pending.length > 0) {
          lines.push(
            "  pending (transient - wait, then re-run): " + pending.map((f) => label(f)).join(", ")
          );
        }
        if (failed.length > 0) {
          lines.push(
            "  failed (repair required): " +
              failed
                .map((f) =>
                  label(
                    f,
                    f.detail && f.detail.conclusion === "action_required"
                      ? "action_required - run awaits maintainer approval"
                      : undefined
                  )
                )
                .join(", ")
          );
        }
        if (other.length > 0) {
          lines.push("  other failures: " + other.map((f) => label(f)).join(", "));
        }
        lines.push("Full verdict: specgit finish");
        console.error(lines.join("\\n"));
        process.exit(2);
      });
    '
    ;;
  git\\ push\\ origin\\ main*|git\\ push\\ origin\\ +main*|git\\ push\\ origin\\ HEAD:main*)
    echo "specgit: direct push to main is not the delivery path. Deliveries go: specgit issue -> PR -> CI -> specgit finish (exit 0) -> merge." >&2
    exit 2
    ;;
esac
exit 0
"
`;

exports[`guard script bytes > the fresh-install hooks.json seed parses and carries the PreToolUse guard 1`] = `
"{
  "PreToolUse": [
    {
      "matcher": "Bash",
      "hooks": [
        {
          "type": "command",
          "command": ".opencode/hooks/specgit-merge-guard.sh",
          "timeout": 600
        }
      ]
    }
  ]
}
"
`;

exports[`harnessWorkflowYaml > is a byte-stable snapshot 1`] = `
"name: SpecGit Acceptance

on:
  pull_request:
    branches: [main]
    # A draft PR fails the verdict (pr_draft), so the draft→ready
    # transition must re-verdict. Listing types replaces the defaults,
    # so the default activity types are listed alongside.
    types: [opened, synchronize, reopened, ready_for_review]
  workflow_dispatch:

permissions:
  contents: read

jobs:
  specgit-acceptance:
    name: SpecGit Acceptance
    # Hosted pool on purpose: a required check must not hinge on one
    # self-hosted container.
    runs-on: ubuntu-latest
    timeout-minutes: 15
    steps:
      - name: Checkout code
        uses: actions/checkout@3d3c42e5aac5ba805825da76410c181273ba90b1 # v7.0.1
        with:
          # Check out the PR head branch by name so HEAD is on the branch
          # (not the detached merge ref): the execution context gate reads
          # live git. Falls back to the default ref on non-PR events.
          ref: \${{ github.head_ref || github.ref }}
          fetch-depth: 0
          persist-credentials: false

      - name: Setup pnpm
        uses: pnpm/action-setup@0977fd99725f1db4007ccb2928dbb4e90d06cc86 # v6

      - name: Setup Node.js
        uses: actions/setup-node@820762786026740c76f36085b0efc47a31fe5020 # v7.0.0
        with:
          node-version: '20.19.0'
          # No dependency cache here, by design (#66): this job checks out
          # and executes untrusted PR code (install scripts, build, the CLI
          # under verdict), so it must never write to or restore from the
          # repository cache (CodeQL alerts 7-9). ci.yml keeps the warm,
          # branch-scoped cache.

      - name: Install dependencies
        run: pnpm install --frozen-lockfile

      - name: Build CLI
        run: pnpm run build

      - name: Wait for sibling checks
        # The verdict must see the OTHER required checks in a terminal
        # state. Sibling jobs start in parallel AND may not have registered
        # their check-runs yet, so an empty poll is not "done": wait until
        # every name in spec_git/policy.yaml is present with a terminal
        # conclusion. This job is not in the policy, so no self-deadlock.
        env:
          GH_TOKEN: \${{ github.token }}
          WAIT_REPO: \${{ github.repository }}
          WAIT_SHA: \${{ github.event.pull_request.head.sha || github.sha }}
        run: |
          node --input-type=module <<'EOF'
          import { readFileSync } from 'node:fs';
          import { parse } from 'yaml';
          const policy = parse(readFileSync('spec_git/policy.yaml', 'utf8'));
          const required = policy.required_checks ?? [];
          const headers = {
            authorization: 'Bearer ' + process.env.GH_TOKEN,
            accept: 'application/vnd.github+json',
          };
          const url = 'https://api.github.com/repos/' + process.env.WAIT_REPO
            + '/commits/' + process.env.WAIT_SHA + '/check-runs?per_page=100';
          const terminal = new Set(['completed']);
          const terminalHas = (byName, name) => {
            if (byName.has(name)) return terminal.has(byName.get(name));
            const retried = [...byName.keys()].find((k) => k.startsWith(name + ' ('));
            return retried !== undefined && terminal.has(byName.get(retried));
          };
          // Transient API failures (5xx, 429, network) retry with bounded
          // exponential backoff — a platform blip must not fail the gate.
          const MAX_ATTEMPTS = 5;
          const fetchJsonWithRetry = async () => {
            for (let attempt = 1; ; attempt += 1) {
              try {
                const res = await fetch(url, { headers });
                if (res.ok) return await res.json();
                if (res.status >= 500 || res.status === 429) {
                  if (attempt >= MAX_ATTEMPTS) throw new Error('check-runs API ' + res.status + ' after ' + attempt + ' attempts');
                } else {
                  throw new Error('check-runs API ' + res.status);
                }
              } catch (error) {
                if (attempt >= MAX_ATTEMPTS) throw error;
              }
              const retryAfterHeader = 0; // fetch hides headers on throw; fixed ladder below
              const backoff = Math.min(30000, 2000 * 2 ** (attempt - 1));
              const retryAfter = retryAfterHeader || backoff;
              console.log('Transient failure; retry ' + attempt + '/' + MAX_ATTEMPTS + ' in ' + retryAfter + 'ms');
              await new Promise((r) => setTimeout(r, retryAfter));
            }
          };
          const deadline = Date.now() + 15 * 60 * 1000;
          while (Date.now() < deadline) {
            const payload = await fetchJsonWithRetry();
            // #119: re-runs keep every same-name run; terminality is
            // decided on the truth run — latest started_at, ties broken
            // by the higher check-run id (docs/reference.md) — never on
            // response position.
            const truth = new Map();
            for (const r of payload.check_runs) {
              const cur = truth.get(r.name);
              const later = cur === undefined
                || (r.started_at || '') > (cur.started_at || '')
                || ((r.started_at || '') === (cur.started_at || '') && (r.id || 0) > (cur.id || 0));
              if (later) truth.set(r.name, r);
            }
            const byName = new Map([...truth].map(([name, r]) => [name, r.status]));
            const missing = required.filter((n) => !terminalHas(byName, n));
            if (missing.length === 0) {
              console.log('All required checks are in a terminal state.');
              process.exit(0);
            }
            console.log('Waiting for: ' + missing.join(', '));
            await new Promise((r) => setTimeout(r, 10000));
          }
          console.error('Timed out waiting for sibling checks.');
          process.exit(1);
          EOF

      - name: specgit finish
        run: node bin/specgit.js finish --json
        env:
          GH_TOKEN: \${{ github.token }}
"
`;

exports[`managedPromptBlock > en and zh are byte-stable snapshots framed by identical markers 1`] = `
"<!-- specgit:block:start -->
## SpecGit delivery harness

Managed by \`specgit init\`. Everything between the markers is regenerated
whenever init writes the harness (a fresh init, or \`--force\` when a policy
already exists); keep manual guidance outside them.

### The delivery story

- Start with \`specgit issue <title-or-number>...\`: it creates or reuses
  the issues, branches, opens the draft pull request pre-filled with a
  deterministic scaffold (the \`Closes #n\` line for every bound issue,
  then Why / What changed / Evidence / Checklist sections), and writes
  \`.specgit.yaml\`. Re-running resumes; it is idempotent.
- Fill in the scaffold sections as you deliver. Its placeholders are
  advisory — the closing references are the only body gate. The PR body
  is written once at creation; no SpecGit command edits an existing PR
  body, and the repository's own pull-request template is never read.
- A draft pull request always fails the verdict (\`pr_draft\`): before
  \`specgit finish\`, mark it ready for review — \`gh pr ready <number>\`
  on GitHub, \`glab mr update <number> --ready\` on GitLab.
- Finish with \`specgit finish\`: the verdict, derived from real git, PR,
  and CI evidence. Exit code 0 is the only "done".

### Repair and diagnostics

- \`specgit pr\` repairs the pull-request binding: with no arguments it
  auto-discovers the pull request for this head branch, errors with a fix
  when none is found, and refuses with a list when several match.
- \`specgit status\` shows local evidence only: record, state, drift,
  origin. \`specgit doctor\` probes git, repository, origin, gh, and
  policy.

### The command surface

- Ten commands: \`specgit init\`, \`specgit setup\`, \`specgit issue\`,
  \`specgit pr\`, \`specgit finish\`, \`specgit bind\`, \`specgit unbind\`,
  \`specgit status\`, \`specgit accept\`, \`specgit doctor\`.
- \`specgit setup\` installs the agent entry points (commands for opencode,
  portable skills for other tools); \`specgit bind\`, \`specgit unbind\`,
  and \`specgit accept\` are automation aliases for scripts and CI.

### Before creating an issue, check for duplicates

- Before running \`specgit issue\` with a new title, search the tracker for
  similar open work: \`gh issue list\` with keywords from the title
  (state, labels, and search terms via \`gh search issues\`).
- Open and read every plausible candidate (\`gh issue view <n>\`) — compare
  the WHY, not just the wording.
- If a candidate covers the same WHY, continue that issue instead of
  creating a new one; if it is close but different, say how they differ.
- When unsure, ask the requester to decide between continuing the existing
  issue and creating a duplicate. The team ships one line of work per WHY,
  never two.

### Issue granularity

One issue = one independently verifiable WHY. If a deliverable cannot be
verified on its own evidence, split it before binding.

### Iron rules

- \`specgit finish\` exit code other than 0: never request merge. Fix the
  delivery, not the gate.
- Never weaken \`spec_git/policy.yaml\` to make a verdict pass.
- \`--json\` is the only parse surface: stdout is exactly one JSON
  document; never scrape human-readable output.

### Agent contract essentials

- The one rule: a delivery is done if and only if \`specgit finish\`
  exits \`0\`. Never declare completion from task lists, file states, or
  test runs you performed yourself.
- Branch on exit codes, not phrasing: \`1\` = evidence complete, fix what
  the gates named; \`3\` = evidence missing, fix the environment first
  (\`specgit doctor\`). Never present exit \`3\` as success.
- Keep the \`Closes #n\` references in the PR body intact; after changing
  the PR body, head branch, or CI, re-run \`specgit finish\`. Never
  bypass or reconfig a required check to make acceptance pass.
- Forge evidence flows through the user's authenticated CLI session only
  (\`gh\` / \`glab\`): never read, log, or pass around tokens.
<!-- specgit:block:end -->"
`;

exports[`managedPromptBlock > en and zh are byte-stable snapshots framed by identical markers 2`] = `
"<!-- specgit:block:start -->
## SpecGit 交付工具链

由 \`specgit init\` 托管。标记之间的内容会在每次 init 写入工具链时重新生成
（全新 init，或策略已存在时的 \`--force\`）；手工指引请放在标记之外。

### 交付故事

- 用 \`specgit issue <标题或编号>...\` 开始：它会创建或复用议题、建分支、
  开一个预填确定性骨架的草稿拉取请求（每个绑定议题一行 \`Closes #n\`，
  随后是 为什么 / 变更内容 / 证据 / 清单 各节），并写入 \`.specgit.yaml\`。
  重复执行会恢复现场；它是幂等的。
- 在交付过程中填写骨架各节。占位内容仅是建议——关闭引用是正文里唯一的
  门槛。PR 正文只在创建时写入一次；任何 SpecGit 命令都不会修改已存在的
  PR 正文，也从不读取仓库自己的 PR 模板。
- 草稿拉取请求恒使裁决失败（\`pr_draft\`）：在 \`specgit finish\` 之前，
  先把它标为可评审——GitHub 用 \`gh pr ready <number>\`，GitLab 用
  \`glab mr update <number> --ready\`。
- 用 \`specgit finish\` 收尾：裁决来自真实的 git、PR 与 CI 证据。退出码
  0 是唯一的"完成"。

### 修复与诊断

- \`specgit pr\` 修复拉取请求绑定：不带参数时按当前头分支自动发现拉取
  请求，找不到时报错并给出修复办法，找到多个时列出并拒绝。
- \`specgit status\` 只展示本地证据：记录、状态、漂移、origin。
  \`specgit doctor\` 探测 git、仓库、origin、gh 与策略。
- 诊断信息（diagnostic 的 message/fix）与诊断 \`code\` 恒为英文——这是
  机器契约的一部分，任何语言配置都不本地化它们；按 \`code\` 与 \`fix\`
  行动，不要依赖语言一致性。

### 命令面

- 十个命令：\`specgit init\`、\`specgit setup\`、\`specgit issue\`、
  \`specgit pr\`、\`specgit finish\`、\`specgit bind\`、\`specgit unbind\`、
  \`specgit status\`、\`specgit accept\`、\`specgit doctor\`。
- \`specgit setup\` 安装代理入口（opencode 的命令、其他工具的可移植
  skill）；\`specgit bind\`、\`specgit unbind\`、\`specgit accept\` 是面向
  脚本与 CI 的自动化别名。

### 建议题之前，先查重

- 用新标题运行 \`specgit issue\` 之前，先在 tracker 里搜索相近的在办
  工作：用标题关键词做 \`gh issue list\`（状态、标签、检索词用
  \`gh search issues\`）。
- 打开并阅读每一个疑似候选（\`gh issue view <n>\`）——比较 WHY 本身，
  而不是措辞。
- 若某个候选覆盖了同一个 WHY，继续那个议题而不是新建；若相近但不同，
  说明差别在哪里。
- 拿不准时，请提出请求的人决定是继续已有议题还是接受重复。一个团队
  一个 WHY 只走一条工作线，绝不两条。

### 议题粒度

一个议题 = 一个可独立验证的 WHY。若一个交付物无法凭自身证据验证，
先拆分再绑定。

### 铁律

- \`specgit finish\` 退出码非 0：绝不请求合并。修交付，不修门槛。
- 绝不为了通过裁决而削弱 \`spec_git/policy.yaml\`。
- \`--json\` 是唯一的解析面：stdout 恰好是一个 JSON 文档；绝不抓取
  人读输出。

### 代理契约要点

- 唯一规则：交付完成当且仅当 \`specgit finish\` 退出 \`0\`。绝不凭任务
  清单、文件状态或自己跑过的测试宣布完成。
- 按退出码分支，不按措辞：\`1\` = 证据齐全，修门槛点名的内容；\`3\` =
  证据缺失，先修环境（\`specgit doctor\`）。绝不把退出 \`3\` 当作成功。
- 保持 PR 正文里的 \`Closes #n\` 引用完整；改动 PR 正文、头分支或 CI
  后重跑 \`specgit finish\`。绝不为通过验收而绕过或改配置必需检查。
- 平台证据只经由用户已认证的 CLI 会话（\`gh\` / \`glab\`）流转：绝不
  读取、记录或传递 token。
<!-- specgit:block:end -->"
`;

exports[`mergeGitPrePush: pure byte merge > a fresh install is the spawnable managed file; re-merge is byte-stable 1`] = `
"#!/bin/sh
# >>> specgit:start >>>
# SpecGit pre-push guard (managed by specgit init).
while read -r local_ref local_sha remote_ref remote_sha; do
  case "$remote_ref" in
    refs/heads/main)
      echo "specgit: direct push to main is not the delivery path." >&2
      echo "Deliveries go: specgit issue -> PR -> CI -> specgit finish (exit 0) -> merge." >&2
      exit 1
      ;;
  esac
done
exit 0
# <<< specgit:end <<<
"
`;
